// Vitest Snapshot v1, https://vitest.dev/guide/snapshot.html

exports[`expandString > should expand comments and handle arguments 1`] = `
"<!-- title {prefix: 'üìù '} -->

# üìù markex

<!-- /title -->

<!-- badges {custom: {Documentation: {image: "https://img.shields.io/badge/-documentation-ffdd00?logo=readthedocs&logoColor=222222", link: "https://kitschpatrol.com/svelte-tweakpane-ui"}}} -->

[![NPM Package](https://img.shields.io/npm/v/markex.svg)](https://npmjs.com/package/markex)
[![License: MIT](https://img.shields.io/badge/License-MIT-yellow.svg)](https://opensource.org/licenses/MIT)
[![Documentation](https://img.shields.io/badge/-documentation-ffdd00?logo=readthedocs\\&logoColor=222222)](https://kitschpatrol.com/svelte-tweakpane-ui)

<!-- /badges -->

<!-- short-description -->

**CLI tool and library for using comments as templates in markdown files.**

<!-- /short-description -->

<!-- table-of-contents -->

## Table of contents

* [History!](#history)
  * [Discovery](#discovery)
  * [Name and symbol](#name-and-symbol)
  * [Planet X disproved](#planet-x-disproved)
* [Orbit](#orbit)
* [Contributing](#contributing)
* [License](#license)

<!-- /table-of-contents -->

A long description might say pluto is a dwarf planet in the Kuiper belt.

## History!

<!-- code {file: "./test/assets/expander-test.js"} -->

\`\`\`.js
// This is a code sample for testing purposes
console.log('expander-test')

\`\`\`

<!-- /code -->

### Discovery

In the 1840s, Urbain Le Verrier used Newtonian mechanics to predict the position of‚Ä¶

### Name and symbol

The name Pluto is for the Roman god of the underworld, from a Greek epithet for Hades‚Ä¶

### Planet X disproved

Once Pluto was found, its faintness and lack of a viewable disc cast doubt‚Ä¶

## Orbit

Pluto's orbital period is about 248 years‚Ä¶

<!-- contributing -->

## Contributing

[Issues](https://github.com/kitschpatrol/markex/issues) and pull requests are welcome.

<!-- /contributing -->

<!-- license -->

## License

[MIT](license.txt) ¬© Eric Mika

<!-- /license -->
"
`;

exports[`expandString > should expand prefixed comments 1`] = `
"<!-- tp.title -->

# markex

<!-- /tp.title -->

<!-- tp.badges -->

[![NPM Package](https://img.shields.io/npm/v/markex.svg)](https://npmjs.com/package/markex)
[![License: MIT](https://img.shields.io/badge/License-MIT-yellow.svg)](https://opensource.org/licenses/MIT)

<!-- /tp.badges -->

<!-- tp.short-description -->

**CLI tool and library for using comments as templates in markdown files.**

<!-- /tp.short-description -->

A long description might say pluto is a dwarf planet in the Kuiper belt.

## History

### Discovery

In the 1840s, Urbain Le Verrier used Newtonian mechanics to predict the position of‚Ä¶

### Name and symbol

The name Pluto is for the Roman god of the underworld, from a Greek epithet for Hades‚Ä¶

### Planet X disproved

Once Pluto was found, its faintness and lack of a viewable disc cast doubt‚Ä¶

## Orbit

Pluto's orbital period is about 248 years‚Ä¶

<!-- tp.contributing -->

## Contributing

[Issues](https://github.com/kitschpatrol/markex/issues) and pull requests are welcome.

<!-- /tp.contributing -->

<!-- tp.license -->

## License

[MIT](license.txt) ¬© Eric Mika

<!-- /tp.license -->
"
`;

exports[`expandString > should expand special header and footer comments 1`] = `
"<!-- header -->

# markex

[![NPM Package](https://img.shields.io/npm/v/markex.svg)](https://npmjs.com/package/markex)
[![License: MIT](https://img.shields.io/badge/License-MIT-yellow.svg)](https://opensource.org/licenses/MIT)

**CLI tool and library for using comments as templates in markdown files.**

<!-- /header -->

Pluto is a dwarf planet in the Kuiper belt.

## Contents

## History

### Discovery

In the 1840s, Urbain Le Verrier used Newtonian mechanics to predict the position of‚Ä¶

### Name and symbol

The name Pluto is for the Roman god of the underworld, from a Greek epithet for Hades‚Ä¶

### Planet X disproved

Once Pluto was found, its faintness and lack of a viewable disc cast doubt‚Ä¶

## Orbit

Pluto's orbital period is about 248 years‚Ä¶

<!-- footer -->

## Contributing

[Issues](https://github.com/kitschpatrol/markex/issues) and pull requests are welcome.

## License

[MIT](license.txt) ¬© Eric Mika

<!-- /footer -->
"
`;
